Archive member included to satisfy reference by file (symbol)

c:/program files (x86)/atmel/studio/7.0/toolchain/avr8/avr8-gnu-toolchain/bin/../lib/gcc/avr/4.9.2/../../../../avr/lib/avr6\libm.a(addsf3.o)
                              functions.o (__subsf3)
c:/program files (x86)/atmel/studio/7.0/toolchain/avr8/avr8-gnu-toolchain/bin/../lib/gcc/avr/4.9.2/../../../../avr/lib/avr6\libm.a(addsf3x.o)
                              c:/program files (x86)/atmel/studio/7.0/toolchain/avr8/avr8-gnu-toolchain/bin/../lib/gcc/avr/4.9.2/../../../../avr/lib/avr6\libm.a(addsf3.o) (__addsf3x)
c:/program files (x86)/atmel/studio/7.0/toolchain/avr8/avr8-gnu-toolchain/bin/../lib/gcc/avr/4.9.2/../../../../avr/lib/avr6\libm.a(atan2.o)
                              functions.o (atan2)
c:/program files (x86)/atmel/studio/7.0/toolchain/avr8/avr8-gnu-toolchain/bin/../lib/gcc/avr/4.9.2/../../../../avr/lib/avr6\libm.a(atan.o)
                              c:/program files (x86)/atmel/studio/7.0/toolchain/avr8/avr8-gnu-toolchain/bin/../lib/gcc/avr/4.9.2/../../../../avr/lib/avr6\libm.a(atan2.o) (atan)
c:/program files (x86)/atmel/studio/7.0/toolchain/avr8/avr8-gnu-toolchain/bin/../lib/gcc/avr/4.9.2/../../../../avr/lib/avr6\libm.a(cmpsf2.o)
                              main.o (__eqsf2)
c:/program files (x86)/atmel/studio/7.0/toolchain/avr8/avr8-gnu-toolchain/bin/../lib/gcc/avr/4.9.2/../../../../avr/lib/avr6\libm.a(cos.o)
                              functions.o (cos)
c:/program files (x86)/atmel/studio/7.0/toolchain/avr8/avr8-gnu-toolchain/bin/../lib/gcc/avr/4.9.2/../../../../avr/lib/avr6\libm.a(divsf3.o)
                              functions.o (__divsf3)
c:/program files (x86)/atmel/studio/7.0/toolchain/avr8/avr8-gnu-toolchain/bin/../lib/gcc/avr/4.9.2/../../../../avr/lib/avr6\libm.a(divsf3x.o)
                              c:/program files (x86)/atmel/studio/7.0/toolchain/avr8/avr8-gnu-toolchain/bin/../lib/gcc/avr/4.9.2/../../../../avr/lib/avr6\libm.a(divsf3.o) (__divsf3x)
c:/program files (x86)/atmel/studio/7.0/toolchain/avr8/avr8-gnu-toolchain/bin/../lib/gcc/avr/4.9.2/../../../../avr/lib/avr6\libm.a(fixsfsi.o)
                              functions.o (__fixsfsi)
c:/program files (x86)/atmel/studio/7.0/toolchain/avr8/avr8-gnu-toolchain/bin/../lib/gcc/avr/4.9.2/../../../../avr/lib/avr6\libm.a(fixunssfsi.o)
                              main.o (__fixunssfsi)
c:/program files (x86)/atmel/studio/7.0/toolchain/avr8/avr8-gnu-toolchain/bin/../lib/gcc/avr/4.9.2/../../../../avr/lib/avr6\libm.a(floatsisf.o)
                              functions.o (__floatunsisf)
c:/program files (x86)/atmel/studio/7.0/toolchain/avr8/avr8-gnu-toolchain/bin/../lib/gcc/avr/4.9.2/../../../../avr/lib/avr6\libm.a(fp_cmp.o)
                              c:/program files (x86)/atmel/studio/7.0/toolchain/avr8/avr8-gnu-toolchain/bin/../lib/gcc/avr/4.9.2/../../../../avr/lib/avr6\libm.a(cmpsf2.o) (__fp_cmp)
c:/program files (x86)/atmel/studio/7.0/toolchain/avr8/avr8-gnu-toolchain/bin/../lib/gcc/avr/4.9.2/../../../../avr/lib/avr6\libm.a(fp_inf.o)
                              c:/program files (x86)/atmel/studio/7.0/toolchain/avr8/avr8-gnu-toolchain/bin/../lib/gcc/avr/4.9.2/../../../../avr/lib/avr6\libm.a(addsf3x.o) (__fp_inf)
c:/program files (x86)/atmel/studio/7.0/toolchain/avr8/avr8-gnu-toolchain/bin/../lib/gcc/avr/4.9.2/../../../../avr/lib/avr6\libm.a(fp_nan.o)
                              c:/program files (x86)/atmel/studio/7.0/toolchain/avr8/avr8-gnu-toolchain/bin/../lib/gcc/avr/4.9.2/../../../../avr/lib/avr6\libm.a(addsf3x.o) (__fp_nan)
c:/program files (x86)/atmel/studio/7.0/toolchain/avr8/avr8-gnu-toolchain/bin/../lib/gcc/avr/4.9.2/../../../../avr/lib/avr6\libm.a(fp_powser.o)
                              c:/program files (x86)/atmel/studio/7.0/toolchain/avr8/avr8-gnu-toolchain/bin/../lib/gcc/avr/4.9.2/../../../../avr/lib/avr6\libm.a(atan.o) (__fp_powser)
c:/program files (x86)/atmel/studio/7.0/toolchain/avr8/avr8-gnu-toolchain/bin/../lib/gcc/avr/4.9.2/../../../../avr/lib/avr6\libm.a(fp_pscA.o)
                              c:/program files (x86)/atmel/studio/7.0/toolchain/avr8/avr8-gnu-toolchain/bin/../lib/gcc/avr/4.9.2/../../../../avr/lib/avr6\libm.a(addsf3x.o) (__fp_pscA)
c:/program files (x86)/atmel/studio/7.0/toolchain/avr8/avr8-gnu-toolchain/bin/../lib/gcc/avr/4.9.2/../../../../avr/lib/avr6\libm.a(fp_pscB.o)
                              c:/program files (x86)/atmel/studio/7.0/toolchain/avr8/avr8-gnu-toolchain/bin/../lib/gcc/avr/4.9.2/../../../../avr/lib/avr6\libm.a(addsf3x.o) (__fp_pscB)
c:/program files (x86)/atmel/studio/7.0/toolchain/avr8/avr8-gnu-toolchain/bin/../lib/gcc/avr/4.9.2/../../../../avr/lib/avr6\libm.a(fp_rempio2.o)
                              c:/program files (x86)/atmel/studio/7.0/toolchain/avr8/avr8-gnu-toolchain/bin/../lib/gcc/avr/4.9.2/../../../../avr/lib/avr6\libm.a(cos.o) (__fp_rempio2)
c:/program files (x86)/atmel/studio/7.0/toolchain/avr8/avr8-gnu-toolchain/bin/../lib/gcc/avr/4.9.2/../../../../avr/lib/avr6\libm.a(fp_round.o)
[...]
Memory Configuration

Name             Origin             Length             Attributes
text             0x00000000         0x00100000         xr
data             0x00800200         0x0000fe00         rw !x
eeprom           0x00810000         0x00010000         rw !x
fuse             0x00820000         0x00000400         rw !x
lock             0x00830000         0x00000400         rw !x
signature        0x00840000         0x00000400         rw !x
user_signatures  0x00850000         0x00000400         rw !x
*default*        0x00000000         0xffffffff

Linker script and memory map

Address of section .data set to 0x800200
LOAD C:/Program Files (x86)/Atmel/Studio/7.0/Packs/atmel/ATmega_DFP/1.0.106/gcc/dev/atmega2560/avr6/crtatmega2560.o
LOAD com_HMC5883L.o
LOAD croutine.o
LOAD distSens_g2d12.o
LOAD event_groups.o
LOAD functions.o
LOAD heap_1.o
LOAD hooks.o
LOAD imu_LSM6DS3.o
LOAD LED.o
LOAD list.o
LOAD main.o
LOAD motor.o
LOAD port.o
LOAD queue.o
LOAD servo.o
LOAD spi.o
LOAD tasks.o
LOAD timers.o
LOAD twi_master.o
LOAD usart.o
START GROUP
LOAD c:/program files (x86)/atmel/studio/7.0/toolchain/avr8/avr8-gnu-toolchain/bin/../lib/gcc/avr/4.9.2/../../../../avr/lib/avr6\libm.a
END GROUP
LOAD c:/program files (x86)/atmel/studio/7.0/toolchain/avr8/avr8-gnu-toolchain/bin/../lib/gcc/avr/4.9.2/../../../../avr/lib/avr6\libprintf_flt.a
START GROUP
LOAD c:/program files (x86)/atmel/studio/7.0/toolchain/avr8/avr8-gnu-toolchain/bin/../lib/gcc/avr/4.9.2/avr6\libgcc.a
LOAD c:/program files (x86)/atmel/studio/7.0/toolchain/avr8/avr8-gnu-toolchain/bin/../lib/gcc/avr/4.9.2/../../../../avr/lib/avr6\libm.a
LOAD c:/program files (x86)/atmel/studio/7.0/toolchain/avr8/avr8-gnu-toolchain/bin/../lib/gcc/avr/4.9.2/../../../../avr/lib/avr6\libc.a
LOAD C:/Program Files (x86)/Atmel/Studio/7.0/Packs/atmel/ATmega_DFP/1.0.106/gcc/dev/atmega2560/avr6\libatmega2560.a
END GROUP
                0x00100000                __TEXT_REGION_LENGTH__ = DEFINED (__TEXT_REGION_LENGTH__)?__TEXT_REGION_LENGTH__:0x100000
                0x0000fe00                __DATA_REGION_LENGTH__ = DEFINED (__DATA_REGION_LENGTH__)?__DATA_REGION_LENGTH__:0xfe00
                0x00010000                __EEPROM_REGION_LENGTH__ = DEFINED (__EEPROM_REGION_LENGTH__)?__EEPROM_REGION_LENGTH__:0x10000
                0x00000400                __FUSE_REGION_LENGTH__ = DEFINED (__FUSE_REGION_LENGTH__)?__FUSE_REGION_LENGTH__:0x400
                0x00000400                __LOCK_REGION_LENGTH__ = DEFINED (__LOCK_REGION_LENGTH__)?__LOCK_REGION_LENGTH__:0x400
                0x00000400                __SIGNATURE_REGION_LENGTH__ = DEFINED (__SIGNATURE_REGION_LENGTH__)?__SIGNATURE_REGION_LENGTH__:0x400
                0x00000400                __USER_SIGNATURE_REGION_LENGTH__ = DEFINED (__USER_SIGNATURE_REGION_LENGTH__)?__USER_SIGNATURE_REGION_LENGTH__:0x400

.hash
 *(.hash)

.dynsym
 *(.dynsym)

.dynstr
 *(.dynstr)

.gnu.version
 *(.gnu.version)

.gnu.version_d
 *(.gnu.version_d)

.gnu.version_r
 *(.gnu.version_r)

.rel.init
 *(.rel.init)

.rela.init
 *(.rela.init)

.rel.text
 *(.rel.text)
 *(.rel.text.*)
 *(.rel.gnu.linkonce.t*)

.rela.text
 *(.rela.text)
 *(.rela.text.*)
 *(.rela.gnu.linkonce.t*)

.rel.fini
 *(.rel.fini)

.rela.fini
 *(.rela.fini)

.rel.rodata
 *(.rel.rodata)
 *(.rel.rodata.*)
 *(.rel.gnu.linkonce.r*)

.rela.rodata
 *(.rela.rodata)
 *(.rela.rodata.*)
 *(.rela.gnu.linkonce.r*)

.rel.data
 *(.rel.data)
 *(.rel.data.*)
 *(.rel.gnu.linkonce.d*)

.rela.data
 *(.rela.data)
 *(.rela.data.*)
 *(.rela.gnu.linkonce.d*)

.rel.ctors
 *(.rel.ctors)

.rela.ctors
 *(.rela.ctors)

.rel.dtors
 *(.rel.dtors)

.rela.dtors
 *(.rela.dtors)

.rel.got
 *(.rel.got)

.rela.got
 *(.rela.got)

.rel.bss
 *(.rel.bss)

.rela.bss
 *(.rela.bss)

.rel.plt
 *(.rel.plt)

.rela.plt
 *(.rela.plt)

.text           0x00000000     0x6132
 *(.vectors)
 .vectors       0x00000000       0xe4 C:/Program Files (x86)/Atmel/Studio/7.0/Packs/atmel/ATmega_DFP/1.0.106/gcc/dev/atmega2560/avr6/crtatmega2560.o
                0x00000000                __vector_default
                0x00000000                __vectors
 *(.vectors)
 *(.progmem.gcc*)
 .progmem.gcc_sw_table.vMotorMovementSwitch
                0x000000e4       0x10 motor.o
 .progmem.gcc_fplib
                0x000000f4       0x2d c:/program files (x86)/atmel/studio/7.0/toolchain/avr8/avr8-gnu-toolchain/bin/../lib/gcc/avr/4.9.2/../../../../avr/lib/avr6\libm.a(atan.o)
 .progmem.gcc_fplib
                0x00000121       0x1e c:/program files (x86)/atmel/studio/7.0/toolchain/avr8/avr8-gnu-toolchain/bin/../lib/gcc/avr/4.9.2/../../../../avr/lib/avr6\libm.a(fp_sinus.o)
                0x00000140                . = ALIGN (0x2)
 *fill*         0x0000013f        0x1 
                0x00000140                __trampolines_start = .
 *(.trampolines)
 .trampolines   0x00000140        0x0 linker stubs
 *(.trampolines*)
                0x00000140                __trampolines_end = .
 *libprintf_flt.a:*(.progmem.data)
 .progmem.data  0x00000140        0x8 c:/program files (x86)/atmel/studio/7.0/toolchain/avr8/avr8-gnu-toolchain/bin/../lib/gcc/avr/4.9.2/../../../../avr/lib/avr6\libprintf_flt.a(vfprintf_flt.o)
 *libc.a:*(.progmem.data)
 .progmem.data  0x00000148       0xfa c:/program files (x86)/atmel/studio/7.0/toolchain/avr8/avr8-gnu-toolchain/bin/../lib/gcc/avr/4.9.2/../../../../avr/lib/avr6\libc.a(ftoa_engine.o)
 *(.progmem*)
                0x00000242                . = ALIGN (0x2)
 *(.jumptables)
 *(.jumptables*)
 *(.lowtext)
 .lowtext       0x00000242       0x10 tasks.o
 *(.lowtext*)
                0x00000252                __ctors_start = .
 *(.ctors)
                0x00000252                __ctors_end = .
                0x00000252                __dtors_start = .
 *(.dtors)
                0x00000252                __dtors_end = .
 SORT(*)(.ctors)
 SORT(*)(.dtors)
 *(.init0)
 .init0         0x00000252        0x0 C:/Program Files (x86)/Atmel/Studio/7.0/Packs/atmel/ATmega_DFP/1.0.106/gcc/dev/atmega2560/avr6/crtatmega2560.o
                0x00000252                __init
 *(.init0)
 *(.init1)
 *(.init1)
 *(.init2)
 .init2         0x00000252       0x10 C:/Program Files (x86)/Atmel/Studio/7.0/Packs/atmel/ATmega_DFP/1.0.106/gcc/dev/atmega2560/avr6/crtatmega2560.o
 *(.init2)
 *(.init3)
 *(.init3)
 *(.init4)
 .init4         0x00000262       0x1a c:/program files (x86)/atmel/studio/7.0/toolchain/avr8/avr8-gnu-toolchain/bin/../lib/gcc/avr/4.9.2/avr6\libgcc.a(_copy_data.o)
                0x00000262                __do_copy_data
 .init4         0x0000027c       0x10 c:/program files (x86)/atmel/studio/7.0/toolchain/avr8/avr8-gnu-toolchain/bin/../lib/gcc/avr/4.9.2/avr6\libgcc.a(_clear_bss.o)
                0x0000027c                __do_clear_bss
 *(.init4)
 *(.init5)
 *(.init5)
 *(.init6)
 *(.init6)
 *(.init7)
 *(.init7)
 *(.init8)
 *(.init8)
 *(.init9)
 .init9         0x0000028c        0x8 C:/Program Files (x86)/Atmel/Studio/7.0/Packs/atmel/ATmega_DFP/1.0.106/gcc/dev/atmega2560/avr6/crtatmega2560.o
 *(.init9)
 *(.text)
 .text          0x00000294        0x2 C:/Program Files (x86)/Atmel/Studio/7.0/Packs/atmel/ATmega_DFP/1.0.106/gcc/dev/atmega2560/avr6/crtatmega2560.o
                0x00000294                __vector_38
                0x00000294                __vector_22
                0x00000294                __vector_28
                0x00000294                __vector_1
                0x00000294                __vector_34
                0x00000294                __vector_24
                0x00000294                __vector_12
                0x00000294                __vector_55
                0x00000294                __vector_46
                0x00000294                __bad_interrupt
                0x00000294                __vector_6
                0x00000294                __vector_31
                0x00000294                __vector_35
                0x00000294                __vector_39
                0x00000294                __vector_23
                0x00000294                __vector_30
                0x00000294                __vector_45
                0x00000294                __vector_25
                0x00000294                __vector_11
                0x00000294                __vector_54
                0x00000294                __vector_13
                0x00000294                __vector_17
                0x00000294                __vector_19
                0x00000294                __vector_56
                0x00000294                __vector_7
                0x00000294                __vector_49
                0x00000294                __vector_41
                0x00000294                __vector_43
                0x00000294                __vector_27
                0x00000294                __vector_33
                0x00000294                __vector_47
                0x00000294                __vector_52
                0x00000294                __vector_37
                0x00000294                __vector_44
                0x00000294                __vector_9
                0x00000294                __vector_2
                0x00000294                __vector_21
                0x00000294                __vector_15
                0x00000294                __vector_36
                0x00000294                __vector_29
                0x00000294                __vector_40
                0x00000294                __vector_8
                0x00000294                __vector_26
                0x00000294                __vector_48
                0x00000294                __vector_14
                0x00000294                __vector_53
                0x00000294                __vector_10
                0x00000294                __vector_50
                0x00000294                __vector_16
                0x00000294                __vector_18
                0x00000294                __vector_20
                0x00000294                __vector_42
                0x00000296                . = ALIGN (0x2)
 *(.text.*)
 .text.vCOM_init
                0x00000296       0x48 com_HMC5883L.o
                0x00000296                vCOM_init
 .text.vCOM_getData
                0x000002de       0x84 com_HMC5883L.o
                0x000002de                vCOM_getData
 .text.vDistSens_init
                0x00000362       0x20 distSens_g2d12.o
                0x00000362                vDistSens_init
 .text.ui8DistSens_readCM
                0x00000382       0x4a distSens_g2d12.o
                0x00000382                ui8DistSens_readCM
 .text.vFunc_Inf2pi
                0x000003cc       0x9e functions.o
                0x000003cc                vFunc_Inf2pi
 .text.vFunc_ParseUpdate
                0x0000046a       0xb4 functions.o
                0x0000046a                vFunc_ParseUpdate
 .text.pvPortMalloc
                0x0000051e       0x6a heap_1.o
                0x0000051e                pvPortMalloc
 .text.vPortFree
                0x00000588        0x2 heap_1.o
                0x00000588                vPortFree
 .text.sIMU_readRegisterRegion
                0x0000058a       0x60 imu_LSM6DS3.o
                0x0000058a                sIMU_readRegisterRegion
 .text.sIMU_readRegister
                0x000005ea       0x2c imu_LSM6DS3.o
                0x000005ea                sIMU_readRegister
 .text.sIMU_Init
                0x00000616       0xaa imu_LSM6DS3.o
                0x00000616                sIMU_Init
 .text.sIMU_readRegisterInt16
                0x000006c0       0x3a imu_LSM6DS3.o
                0x000006c0                sIMU_readRegisterInt16
 .text.sIMU_writeRegister
                0x000006fa       0x18 imu_LSM6DS3.o
                0x000006fa                sIMU_writeRegister
 .text.sIMU_begin
                0x00000712      0x22a imu_LSM6DS3.o
                0x00000712                sIMU_begin
 .text.i16IMU_readRawAccelY
                0x0000093c       0x50 imu_LSM6DS3.o
                0x0000093c                i16IMU_readRawAccelY
 .text.fIMU_calcAccel
                0x0000098c       0x5c imu_LSM6DS3.o
                0x0000098c                fIMU_calcAccel
 .text.fIMU_readFloatAccelY
                0x000009e8        0x6 imu_LSM6DS3.o
                0x000009e8                fIMU_readFloatAccelY
 .text.i16IMU_readRawGyroX
                0x000009ee       0x50 imu_LSM6DS3.o
                0x000009ee                i16IMU_readRawGyroX
 .text.i16IMU_readRawGyroZ
                0x00000a3e       0x50 imu_LSM6DS3.o
                0x00000a3e                i16IMU_readRawGyroZ
 .text.fIMU_calcGyro
                0x00000a8e       0x94 imu_LSM6DS3.o
                0x00000a8e                fIMU_calcGyro
 .text.fIMU_readFloatGyroX
                0x00000b22        0x6 imu_LSM6DS3.o
                0x00000b22                fIMU_readFloatGyroX
 .text.fIMU_readFloatGyroZ
                0x00000b28        0x6 imu_LSM6DS3.o
                0x00000b28                fIMU_readFloatGyroZ
 .text.vLED_init
                0x00000b2e        0xc LED.o
                0x00000b2e                vLED_init
 .text.vLED_singleHigh
                0x00000b3a       0x34 LED.o
                0x00000b3a                vLED_singleHigh
 .text.vLED_singleLow
                0x00000b6e       0x34 LED.o
                0x00000b6e                vLED_singleLow
 .text.vLED_toggle
                0x00000ba2       0x3a LED.o
                0x00000ba2                vLED_toggle
 .text.vListInitialise
                0x00000bdc       0x1c list.o
                0x00000bdc                vListInitialise
 .text.vListInitialiseItem
                0x00000bf8        0x8 list.o
                0x00000bf8                vListInitialiseItem
 .text.vListInsertEnd
                0x00000c00       0x42 list.o
                0x00000c00                vListInsertEnd
 .text.vListInsert
                0x00000c42       0x62 list.o
                0x00000c42                vListInsert
 .text.uxListRemove
                0x00000ca4       0x4c list.o
                0x00000ca4                uxListRemove
 .text.vMainCommunicationTask
                0x00000cf0      0x270 main.o
                0x00000cf0                vMainCommunicationTask
 .text.vMainSensorTowerTask
                0x00000f60      0x2be main.o
                0x00000f60                vMainSensorTowerTask
 .text.vMainPoseControllerTask
                0x0000121e      0x712 main.o
                0x0000121e                vMainPoseControllerTask
 .text.vMainPoseEstimatorTask
                0x00001930      0x5ba main.o
                0x00001930                vMainPoseEstimatorTask
 .text.vMainMovementTask
                0x00001eea      0x42e main.o
                0x00001eea                vMainMovementTask
 .text.vApplicationStackOverflowHook
                0x00002318       0x14 main.o
                0x00002318                vApplicationStackOverflowHook
 .text.main     0x0000232c      0x192 main.o
                0x0000232c                main
 .text.__vector_4
                0x000024be       0x22 main.o
                0x000024be                __vector_4
 .text.__vector_3
                0x000024e0       0x22 main.o
                0x000024e0                __vector_3
 .text.__vector_5
                0x00002502       0xa2 main.o
                0x00002502                __vector_5
 .text.__vector_51
                0x000025a4       0xb8 main.o
                0x000025a4                __vector_51
 .text.vMotor_init
                0x0000265c       0x7a motor.o
                0x0000265c                vMotor_init
 .text.vMotorMoveLeftForward
                0x000026d6        0xe motor.o
                0x000026d6                vMotorMoveLeftForward
 .text.vMotorMoveRightForward
                0x000026e4        0xe motor.o
                0x000026e4                vMotorMoveRightForward
 .text.vMotorMoveLeftBackward
                0x000026f2        0xe motor.o
                0x000026f2                vMotorMoveLeftBackward
 .text.vMotorMoveRightBackward
                0x00002700        0xe motor.o
                0x00002700                vMotorMoveRightBackward
 .text.vMotorBrakeLeft
                0x0000270e        0xa motor.o
                0x0000270e                vMotorBrakeLeft
 .text.vMotorBrakeRight
                0x00002718        0xa motor.o
                0x00002718                vMotorBrakeRight
 .text.vMotorMovementSwitch
                0x00002722      0x142 motor.o
                0x00002722                vMotorMovementSwitch
 .text.vMotorEncoderLeftTickFromISR
                0x00002864       0x2e motor.o
                0x00002864                vMotorEncoderLeftTickFromISR
 .text.vMotorEncoderRightTickFromISR
                0x00002892       0x2e motor.o
                0x00002892                vMotorEncoderRightTickFromISR
 .text.pxPortInitialiseStack
                0x000028c0       0xe4 port.o
                0x000028c0                pxPortInitialiseStack
 .text.xPortStartScheduler
                0x000029a4       0x90 port.o
                0x000029a4                xPortStartScheduler
 .text.vPortYield
                0x00002a34       0xc2 port.o
                0x00002a34                vPortYield
 .text.vPortYieldFromTick
                0x00002af6       0xf0 port.o
                0x00002af6                vPortYieldFromTick
 .text.__vector_32
                0x00002be6        0x4 port.o
                0x00002be6                __vector_32
 .text.xQueueGenericCreate
                0x00002bea       0xa4 queue.o
                0x00002bea                xQueueGenericCreate
 .text.xQueueCreateMutex
                0x00002c8e      0x304 queue.o
                0x00002c8e                xQueueCreateMutex
 .text.xQueueGenericSend
                0x00002f92      0x3a2 queue.o
                0x00002f92                xQueueGenericSend
 .text.xQueueGive
                0x00003334      0x2de queue.o
                0x00003334                xQueueGive
 .text.xQueueGiveFromISR
                0x00003612       0x56 queue.o
                0x00003612                xQueueGiveFromISR
 .text.xQueueGenericReceive
                0x00003668      0x33a queue.o
                0x00003668                xQueueGenericReceive
 .text.vServo_setAngle
                0x000039a2       0x20 servo.o
                0x000039a2                vServo_setAngle
 .text.vServo_init
                0x000039c2       0x32 servo.o
                0x000039c2                vServo_init
 .text.vSPI_MasterInit
                0x000039f4       0x1c spi.o
                0x000039f4                vSPI_MasterInit
 .text.ui8SPI_MasterTransmit
                0x00003a10        0xe spi.o
                0x00003a10                ui8SPI_MasterTransmit
 .text.xTaskGenericCreate
                0x00003a1e      0x228 tasks.o
                0x00003a1e                xTaskGenericCreate
 .text.vTaskDelayUntil
                0x00003c46      0x346 tasks.o
                0x00003c46                vTaskDelayUntil
 .text.vTaskDelay
                0x00003f8c      0x30a tasks.o
                0x00003f8c                vTaskDelay
 .text.vTaskStartScheduler
                0x00004296      0x1c8 tasks.o
                0x00004296                vTaskStartScheduler
 .text.vTaskSuspendAll
                0x0000445e        0xc tasks.o
                0x0000445e                vTaskSuspendAll
 .text.xTaskResumeAll
                0x0000446a      0x276 tasks.o
                0x0000446a                xTaskResumeAll
 .text.xTaskGetTickCount
                0x000046e0       0x14 tasks.o
                0x000046e0                xTaskGetTickCount
 .text.xTaskIncrementTick
                0x000046f4      0x182 tasks.o
                0x000046f4                xTaskIncrementTick
 .text.vTaskSwitchContext
                0x00004876      0x110 tasks.o
                0x00004876                vTaskSwitchContext
 .text.vTaskPlaceOnEventList
                0x00004986       0xb8 tasks.o
                0x00004986                vTaskPlaceOnEventList
 .text.xTaskRemoveFromEventList
                0x00004a3e       0x90 tasks.o
                0x00004a3e                xTaskRemoveFromEventList
 .text.vTaskSetTimeOutState
                0x00004ace       0x16 tasks.o
                0x00004ace                vTaskSetTimeOutState
 .text.xTaskCheckForTimeOut
                0x00004ae4       0x76 tasks.o
                0x00004ae4                xTaskCheckForTimeOut
 .text.vTaskMissedYield
                0x00004b5a        0x8 tasks.o
                0x00004b5a                vTaskMissedYield
 .text.vTaskPriorityInherit
                0x00004b62       0xc4 tasks.o
                0x00004b62                vTaskPriorityInherit
 .text.xTaskPriorityDisinherit
                0x00004c26       0x80 tasks.o
                0x00004c26                xTaskPriorityDisinherit
 .text.pvTaskIncrementMutexHeldCount
                0x00004ca6       0x24 tasks.o
                0x00004ca6                pvTaskIncrementMutexHeldCount
 .text.vTWI_init
                0x00004cca        0x8 twi_master.o
                0x00004cca                vTWI_init
 .text.ui8TWI_start
                0x00004cd2       0x4a twi_master.o
                0x00004cd2                ui8TWI_start
 .text.ui8TWI_write
                0x00004d1c       0x24 twi_master.o
                0x00004d1c                ui8TWI_write
 .text.ui8TWI_read_ack
                0x00004d40       0x16 twi_master.o
                0x00004d40                ui8TWI_read_ack
 .text.ui8TWI_read_nack
                0x00004d56       0x16 twi_master.o
                0x00004d56                ui8TWI_read_nack
 .text.vTWI_stop
                0x00004d6c        0x8 twi_master.o
                0x00004d6c                vTWI_stop
 .text.uart_putchar
                0x00004d74       0x40 usart.o
 .text.vUSART_init
                0x00004db4       0x30 usart.o
                0x00004db4                vUSART_init
 .text.vUSART_sendC
                0x00004de4       0x14 usart.o
                0x00004de4                vUSART_sendC
 .text.vUSART_sendS
                0x00004df8       0x1c usart.o
                0x00004df8                vUSART_sendS
 .text.vUSART_sendHandshake
                0x00004e14        0xa usart.o
                0x00004e14                vUSART_sendHandshake
 .text.avr-libc.fplib
                0x00004e1e        0xa c:/program files (x86)/atmel/studio/7.0/toolchain/avr8/avr8-gnu-toolchain/bin/../lib/gcc/avr/4.9.2/../../../../avr/lib/avr6\libm.a(addsf3.o)
                0x00004e1e                __subsf3
                0x00004e20                __addsf3
 .text.avr-libc.fplib
                0x00004e28       0xc0 c:/program files (x86)/atmel/studio/7.0/toolchain/avr8/avr8-gnu-toolchain/bin/../lib/gcc/avr/4.9.2/../../../../avr/lib/avr6\libm.a(addsf3x.o)
                0x00004e42                __addsf3x
 .text.avr-libc.fplib
                0x00004ee8       0x74 c:/program files (x86)/atmel/studio/7.0/toolchain/avr8/avr8-gnu-toolchain/bin/../lib/gcc/avr/4.9.2/../../../../avr/lib/avr6\libm.a(atan2.o)
                0x00004f06                atan2
 .text.avr-libc.fplib
                0x00004f5c       0x50 c:/program files (x86)/atmel/studio/7.0/toolchain/avr8/avr8-gnu-toolchain/bin/../lib/gcc/avr/4.9.2/../../../../avr/lib/avr6\libm.a(atan.o)
                0x00004f5c                atan
 .text.avr-libc.fplib
                0x00004fac        0x8 c:/program files (x86)/atmel/studio/7.0/toolchain/avr8/avr8-gnu-toolchain/bin/../lib/gcc/avr/4.9.2/../../../../avr/lib/avr6\libm.a(cmpsf2.o)
                0x00004fac                __nesf2
                0x00004fac                __eqsf2
                0x00004fac                __cmpsf2
                0x00004fac                __ltsf2
                0x00004fac                __lesf2
 .text.avr-libc.fplib
                0x00004fb4        0x6 c:/program files (x86)/atmel/studio/7.0/toolchain/avr8/avr8-gnu-toolchain/bin/../lib/gcc/avr/4.9.2/../../../../avr/lib/avr6\libm.a(cos.o)
                0x00004fb4                cos
 .text.avr-libc.fplib
                0x00004fba        0x4 c:/program files (x86)/atmel/studio/7.0/toolchain/avr8/avr8-gnu-toolchain/bin/../lib/gcc/avr/4.9.2/../../../../avr/lib/avr6\libm.a(divsf3.o)
                0x00004fba                __divsf3
 .text.avr-libc.fplib
                0x00004fbe       0xcc c:/program files (x86)/atmel/studio/7.0/toolchain/avr8/avr8-gnu-toolchain/bin/../lib/gcc/avr/4.9.2/../../../../avr/lib/avr6\libm.a(divsf3x.o)
                0x00004fd4                __divsf3x
                0x00004fd8                __divsf3_pse
 .text.avr-libc.fplib
                0x0000508a        0xa c:/program files (x86)/atmel/studio/7.0/toolchain/avr8/avr8-gnu-toolchain/bin/../lib/gcc/avr/4.9.2/../../../../avr/lib/avr6\libm.a(fixsfsi.o)
                0x0000508a                __fixsfsi
 .text.avr-libc.fplib
                0x00005094       0x58 c:/program files (x86)/atmel/studio/7.0/toolchain/avr8/avr8-gnu-toolchain/bin/../lib/gcc/avr/4.9.2/../../../../avr/lib/avr6\libm.a(fixunssfsi.o)
                0x00005094                __fixunssfsi
 .text.avr-libc.fplib
                0x000050ec       0x7a c:/program files (x86)/atmel/studio/7.0/toolchain/avr8/avr8-gnu-toolchain/bin/../lib/gcc/avr/4.9.2/../../../../avr/lib/avr6\libm.a(floatsisf.o)
                0x000050ec                __floatunsisf
                0x000050f0                __floatsisf
 .text.avr-libc.fplib
                0x00005166       0x48 c:/program files (x86)/atmel/studio/7.0/toolchain/avr8/avr8-gnu-toolchain/bin/../lib/gcc/avr/4.9.2/../../../../avr/lib/avr6\libm.a(fp_cmp.o)
                0x00005166                __fp_cmp
 .text.avr-libc.fplib
                0x000051ae        0xc c:/program files (x86)/atmel/studio/7.0/toolchain/avr8/avr8-gnu-toolchain/bin/../lib/gcc/avr/4.9.2/../../../../avr/lib/avr6\libm.a(fp_inf.o)
                0x000051ae                __fp_inf
 .text.avr-libc.fplib
                0x000051ba        0x6 c:/program files (x86)/atmel/studio/7.0/toolchain/avr8/avr8-gnu-toolchain/bin/../lib/gcc/avr/4.9.2/../../../../avr/lib/avr6\libm.a(fp_nan.o)
                0x000051ba                __fp_nan
 .text.avr-libc.fplib
                0x000051c0       0x4a c:/program files (x86)/atmel/studio/7.0/toolchain/avr8/avr8-gnu-toolchain/bin/../lib/gcc/avr/4.9.2/../../../../avr/lib/avr6\libm.a(fp_powser.o)
                0x000051c0                __fp_powser
 .text.avr-libc.fplib
                0x0000520a        0xe c:/program files (x86)/atmel/studio/7.0/toolchain/avr8/avr8-gnu-toolchain/bin/../lib/gcc/avr/4.9.2/../../../../avr/lib/avr6\libm.a(fp_pscA.o)
                0x0000520a                __fp_pscA
 .text.avr-libc.fplib
                0x00005218        0xe c:/program files (x86)/atmel/studio/7.0/toolchain/avr8/avr8-gnu-toolchain/bin/../lib/gcc/avr/4.9.2/../../../../avr/lib/avr6\libm.a(fp_pscB.o)
                0x00005218                __fp_pscB
 .text.avr-libc.fplib
                0x00005226       0x50 c:/program files (x86)/atmel/studio/7.0/toolchain/avr8/avr8-gnu-toolchain/bin/../lib/gcc/avr/4.9.2/../../../../avr/lib/avr6\libm.a(fp_rempio2.o)
                0x00005228                __fp_rempio2
 .text.avr-libc.fplib
                0x00005276       0x22 c:/program files (x86)/atmel/studio/7.0/toolchain/avr8/avr8-gnu-toolchain/bin/../lib/gcc/avr/4.9.2/../../../../avr/lib/avr6\libm.a(fp_round.o)
                0x00005276                __fp_round
 .text.avr-libc.fplib
                0x00005298       0x22 c:/program files (x86)/atmel/studio/7.0/toolchain/avr8/avr8-gnu-toolchain/bin/../lib/gcc/avr/4.9.2/../../../../avr/lib/avr6\libm.a(fp_sinus.o)
                0x00005298                __fp_sinus
 .text.avr-libc.fplib
                0x000052ba       0x44 c:/program files (x86)/atmel/studio/7.0/toolchain/avr8/avr8-gnu-toolchain/bin/../lib/gcc/avr/4.9.2/../../../../avr/lib/avr6\libm.a(fp_split3.o)
                0x000052ba                __fp_split3
                0x000052ca                __fp_splitA
 .text.avr-libc.fplib
                0x000052fe        0xe c:/program files (x86)/atmel/studio/7.0/toolchain/avr8/avr8-gnu-toolchain/bin/../lib/gcc/avr/4.9.2/../../../../avr/lib/avr6\libm.a(fp_zero.o)
                0x000052fe                __fp_zero
                0x00005300                __fp_szero
 .text.avr-libc.fplib
                0x0000530c        0x8 c:/program files (x86)/atmel/studio/7.0/toolchain/avr8/avr8-gnu-toolchain/bin/../lib/gcc/avr/4.9.2/../../../../avr/lib/avr6\libm.a(gesf2.o)
                0x0000530c                __gesf2
                0x0000530c                __gtsf2
 .text.avr-libc.fplib
                0x00005314        0xe c:/program files (x86)/atmel/studio/7.0/toolchain/avr8/avr8-gnu-toolchain/bin/../lib/gcc/avr/4.9.2/../../../../avr/lib/avr6\libm.a(inverse.o)
                0x00005314                inverse
 .text.avr-libc.fplib
                0x00005322        0x4 c:/program files (x86)/atmel/studio/7.0/toolchain/avr8/avr8-gnu-toolchain/bin/../lib/gcc/avr/4.9.2/../../../../avr/lib/avr6\libm.a(mulsf3.o)
                0x00005322                __mulsf3
 .text.avr-libc.fplib
                0x00005326       0xc2 c:/program files (x86)/atmel/studio/7.0/toolchain/avr8/avr8-gnu-toolchain/bin/../lib/gcc/avr/4.9.2/../../../../avr/lib/avr6\libm.a(mulsf3x.o)
                0x0000533a                __mulsf3x
                0x0000533e                __mulsf3_pse
 .text.avr-libc.fplib
                0x000053e8        0xc c:/program files (x86)/atmel/studio/7.0/toolchain/avr8/avr8-gnu-toolchain/bin/../lib/gcc/avr/4.9.2/../../../../avr/lib/avr6\libm.a(sin.o)
                0x000053e8                sin
 .text.avr-libc.fplib
                0x000053f4       0x84 c:/program files (x86)/atmel/studio/7.0/toolchain/avr8/avr8-gnu-toolchain/bin/../lib/gcc/avr/4.9.2/../../../../avr/lib/avr6\libm.a(sqrt.o)
                0x000053fc                sqrtf
                0x000053fc                sqrt
 .text.avr-libc.fplib
                0x00005478        0x6 c:/program files (x86)/atmel/studio/7.0/toolchain/avr8/avr8-gnu-toolchain/bin/../lib/gcc/avr/4.9.2/../../../../avr/lib/avr6\libm.a(square.o)
                0x00005478                square
 .text.avr-libc.fplib
                0x0000547e       0x1c c:/program files (x86)/atmel/studio/7.0/toolchain/avr8/avr8-gnu-toolchain/bin/../lib/gcc/avr/4.9.2/../../../../avr/lib/avr6\libm.a(fp_mpack.o)
                0x0000547e                __fp_mpack
                0x00005482                __fp_mpack_finite
 .text.avr-libc.fplib
                0x0000549a        0xe c:/program files (x86)/atmel/studio/7.0/toolchain/avr8/avr8-gnu-toolchain/bin/../lib/gcc/avr/4.9.2/../../../../avr/lib/avr6\libm.a(fp_norm2.o)
                0x0000549a                __fp_norm2
 .text.avr-libc.fplib
                0x000054a8       0x22 c:/program files (x86)/atmel/studio/7.0/toolchain/avr8/avr8-gnu-toolchain/bin/../lib/gcc/avr/4.9.2/../../../../avr/lib/avr6\libm.a(fp_powsodd.o)
                0x000054a8                __fp_powsodd
 .text.avr-libc
                0x000054ca      0x710 c:/program files (x86)/atmel/studio/7.0/toolchain/avr8/avr8-gnu-toolchain/bin/../lib/gcc/avr/4.9.2/../../../../avr/lib/avr6\libprintf_flt.a(vfprintf_flt.o)
                0x000054ca                vfprintf
 .text.libgcc.div
                0x00005bda       0x26 c:/program files (x86)/atmel/studio/7.0/toolchain/avr8/avr8-gnu-toolchain/bin/../lib/gcc/avr/4.9.2/avr6\libgcc.a(_divmodhi4.o)
                0x00005bda                _div
                0x00005bda                __divmodhi4
 .text.libgcc   0x00005c00       0x10 c:/program files (x86)/atmel/studio/7.0/toolchain/avr8/avr8-gnu-toolchain/bin/../lib/gcc/avr/4.9.2/avr6\libgcc.a(_tablejump2.o)
                0x00005c00                __tablejump2__
 .text.libgcc.mul
                0x00005c10       0x1e c:/program files (x86)/atmel/studio/7.0/toolchain/avr8/avr8-gnu-toolchain/bin/../lib/gcc/avr/4.9.2/avr6\libgcc.a(_umulhisi3.o)
                0x00005c10                __umulhisi3
 .text.libgcc.div
                0x00005c2e       0x28 c:/program files (x86)/atmel/studio/7.0/toolchain/avr8/avr8-gnu-toolchain/bin/../lib/gcc/avr/4.9.2/avr6\libgcc.a(_udivmodhi4.o)
                0x00005c2e                __udivmodhi4
 .text.avr-libc
                0x00005c56       0x3a c:/program files (x86)/atmel/studio/7.0/toolchain/avr8/avr8-gnu-toolchain/bin/../lib/gcc/avr/4.9.2/../../../../avr/lib/avr6\libc.a(atoi.o)
                0x00005c56                atoi
 .text.avr-libc
                0x00005c90      0x1b0 c:/program files (x86)/atmel/studio/7.0/toolchain/avr8/avr8-gnu-toolchain/bin/../lib/gcc/avr/4.9.2/../../../../avr/lib/avr6\libc.a(ftoa_engine.o)
                0x00005c90                __ftoa_engine
 .text.avr-libc
                0x00005e40       0x16 c:/program files (x86)/atmel/studio/7.0/toolchain/avr8/avr8-gnu-toolchain/bin/../lib/gcc/avr/4.9.2/../../../../avr/lib/avr6\libc.a(strnlen_P.o)
                0x00005e40                strnlen_P
 .text.avr-libc
                0x00005e56        0x6 c:/program files (x86)/atmel/studio/7.0/toolchain/avr8/avr8-gnu-toolchain/bin/../lib/gcc/avr/4.9.2/../../../../avr/lib/avr6\libc.a(strtok.o)
                0x00005e56                strtok
 .text.avr-libc
                0x00005e5c       0x12 c:/program files (x86)/atmel/studio/7.0/toolchain/avr8/avr8-gnu-toolchain/bin/../lib/gcc/avr/4.9.2/../../../../avr/lib/avr6\libc.a(memcpy.o)
                0x00005e5c                memcpy
 .text.avr-libc
                0x00005e6e       0x16 c:/program files (x86)/atmel/studio/7.0/toolchain/avr8/avr8-gnu-toolchain/bin/../lib/gcc/avr/4.9.2/../../../../avr/lib/avr6\libc.a(strnlen.o)
                0x00005e6e                strnlen
 .text.avr-libc
                0x00005e84       0x34 c:/program files (x86)/atmel/studio/7.0/toolchain/avr8/avr8-gnu-toolchain/bin/../lib/gcc/avr/4.9.2/../../../../avr/lib/avr6\libc.a(strstr.o)
                0x00005e84                strstr
 .text.avr-libc
                0x00005eb8       0x4e c:/program files (x86)/atmel/studio/7.0/toolchain/avr8/avr8-gnu-toolchain/bin/../lib/gcc/avr/4.9.2/../../../../avr/lib/avr6\libc.a(strtok_r.o)
                0x00005eb8                strtok_r
 .text.avr-libc
                0x00005f06       0x14 c:/program files (x86)/atmel/studio/7.0/toolchain/avr8/avr8-gnu-toolchain/bin/../lib/gcc/avr/4.9.2/../../../../avr/lib/avr6\libc.a(itoa_ncheck.o)
                0x00005f06                __itoa_ncheck
 .text.avr-libc
                0x00005f1a       0x10 c:/program files (x86)/atmel/studio/7.0/toolchain/avr8/avr8-gnu-toolchain/bin/../lib/gcc/avr/4.9.2/../../../../avr/lib/avr6\libc.a(mul10.o)
                0x00005f1a                __mulhi_const_10
 .text.avr-libc
                0x00005f2a       0x32 c:/program files (x86)/atmel/studio/7.0/toolchain/avr8/avr8-gnu-toolchain/bin/../lib/gcc/avr/4.9.2/../../../../avr/lib/avr6\libc.a(utoa_ncheck.o)
                0x00005f2a                __utoa_ncheck
                0x00005f2c                __utoa_common
 .text.avr-libc
                0x00005f5c       0x70 c:/program files (x86)/atmel/studio/7.0/toolchain/avr8/avr8-gnu-toolchain/bin/../lib/gcc/avr/4.9.2/../../../../avr/lib/avr6\libc.a(fputc.o)
                0x00005f5c                fputc
 .text.avr-libc
                0x00005fcc       0x26 c:/program files (x86)/atmel/studio/7.0/toolchain/avr8/avr8-gnu-toolchain/bin/../lib/gcc/avr/4.9.2/../../../../avr/lib/avr6\libc.a(printf.o)
                0x00005fcc                printf
 .text.avr-libc
                0x00005ff2       0x60 c:/program files (x86)/atmel/studio/7.0/toolchain/avr8/avr8-gnu-toolchain/bin/../lib/gcc/avr/4.9.2/../../../../avr/lib/avr6\libc.a(puts.o)
                0x00005ff2                puts
 .text.avr-libc
                0x00006052       0xbc c:/program files (x86)/atmel/studio/7.0/toolchain/avr8/avr8-gnu-toolchain/bin/../lib/gcc/avr/4.9.2/../../../../avr/lib/avr6\libc.a(ultoa_invert.o)
                0x00006052                __ultoa_invert
 .text.avr-libc
                0x0000610e       0x20 c:/program files (x86)/atmel/studio/7.0/toolchain/avr8/avr8-gnu-toolchain/bin/../lib/gcc/avr/4.9.2/../../../../avr/lib/avr6\libc.a(strrev.o)
                0x0000610e                strrev
                0x0000612e                . = ALIGN (0x2)
 *(.fini9)
 .fini9         0x0000612e        0x0 c:/program files (x86)/atmel/studio/7.0/toolchain/avr8/avr8-gnu-toolchain/bin/../lib/gcc/avr/4.9.2/avr6\libgcc.a(_exit.o)
                0x0000612e                _exit
                0x0000612e                exit
 *(.fini9)
 *(.fini8)
 *(.fini8)
 *(.fini7)
 *(.fini7)
 *(.fini6)
 *(.fini6)
 *(.fini5)
 *(.fini5)
 *(.fini4)
 *(.fini4)
 *(.fini3)
 *(.fini3)
 *(.fini2)
 *(.fini2)
 *(.fini1)
 *(.fini1)
 *(.fini0)
 .fini0         0x0000612e        0x4 c:/program files (x86)/atmel/studio/7.0/toolchain/avr8/avr8-gnu-toolchain/bin/../lib/gcc/avr/4.9.2/avr6\libgcc.a(_exit.o)
 *(.fini0)
                0x00006132                _etext = .

.data           0x00800200      0x64c load address 0x00006132
                0x00800200                PROVIDE (__data_start, .)
 *(.data)
 *(.data*)
 .data.ui8_analogToCM
                0x00800200      0x400 distSens_g2d12.o
                0x00800200                ui8_analogToCM
 .data.mystdout
                0x00800600        0xe usart.o
 *(.rodata)
 *(.rodata*)
 .rodata.str1.1
                0x0080060e        0x6 functions.o
 .rodata.str1.1
                0x00800614      0x12e main.o
                                0x130 (size before relaxing)
 .rodata.DEG_TO_PWM
                0x00800742       0xb6 servo.o
                0x00800742                DEG_TO_PWM
 .rodata.str1.1
                0x008007f8        0x5 tasks.o
 .rodata.str1.1
                0x008007fd       0x4e usart.o
 *(.gnu.linkonce.d*)
                0x0080084c                . = ALIGN (0x2)
 *fill*         0x0080084b        0x1 
                0x0080084c                _edata = .
                0x0080084c                PROVIDE (__data_end, .)

.bss            0x0080084c     0x12f4
                0x0080084c                PROVIDE (__bss_start, .)
 *(.bss)
 .bss           0x0080084c        0x2 c:/program files (x86)/atmel/studio/7.0/toolchain/avr8/avr8-gnu-toolchain/bin/../lib/gcc/avr/4.9.2/../../../../avr/lib/avr6\libc.a(strtok.o)
 *(.bss*)
 .bss.pucAlignedHeap.1904
                0x0080084e        0x2 heap_1.o
 .bss.xNextFreeByte
                0x00800850        0x2 heap_1.o
 .bss.ucHeap    0x00800852     0x1200 heap_1.o
 .bss.messageCounter.3488
                0x00801a52        0x2 main.o
 .bss.dacclIntr.3486
                0x00801a54        0x4 main.o
 .bss.acclIntr.3487
                0x00801a58        0x4 main.o
 .bss.accelY.3485
                0x00801a5c        0x4 main.o
 .bss.predictedTheta.3483
                0x00801a60        0x4 main.o
 .bss.totalTheta.3477
                0x00801a64        0x4 main.o
 .bss.totalRobot.3476
                0x00801a68        0x4 main.o
 .bss.previous_ticksRight.3475
                0x00801a6c        0x2 main.o
 .bss.previous_ticksLeft.3474
                0x00801a6e        0x2 main.o
 .bss.messageCounter.3429
                0x00801a70        0x2 main.o
 .bss.gLeftWheelTicks
                0x00801a72        0x2 main.o
                0x00801a72                gLeftWheelTicks
 .bss.gRightWheelTicks
                0x00801a74        0x2 main.o
                0x00801a74                gRightWheelTicks
 .bss.gY_hat    0x00801a76        0x2 main.o
                0x00801a76                gY_hat
 .bss.gX_hat    0x00801a78        0x2 main.o
                0x00801a78                gX_hat
 .bss.gTheta_hat
                0x00801a7a        0x4 main.o
                0x00801a7a                gTheta_hat
 .bss.gStoreString
                0x00801a7e        0x1 main.o
                0x00801a7e                gStoreString
 .bss.gPaused   0x00801a7f        0x1 main.o
                0x00801a7f                gPaused
 .bss.gHandshook
                0x00801a80        0x1 main.o
                0x00801a80                gHandshook
 .bss.gISR_leftWheelTicks
                0x00801a81        0x1 main.o
                0x00801a81                gISR_leftWheelTicks
 .bss.gISR_rightWheelTicks
                0x00801a82        0x1 main.o
                0x00801a82                gISR_rightWheelTicks
 .bss.actuationQ
                0x00801a83        0x2 main.o
                0x00801a83                actuationQ
 .bss.scanStatusQ
                0x00801a85        0x2 main.o
                0x00801a85                scanStatusQ
 .bss.poseControllerQ
                0x00801a87        0x2 main.o
                0x00801a87                poseControllerQ
 .bss.movementQ
                0x00801a89        0x2 main.o
                0x00801a89                movementQ
 .bss.uxSchedulerSuspended
                0x00801a8b        0x1 tasks.o
 .bss.xNextTaskUnblockTime
                0x00801a8c        0x2 tasks.o
 .bss.uxTaskNumber
                0x00801a8e        0x1 tasks.o
 .bss.xNumOfOverflows
                0x00801a8f        0x1 tasks.o
 .bss.xYieldPending
                0x00801a90        0x1 tasks.o
 .bss.uxPendedTicks
                0x00801a91        0x1 tasks.o
 .bss.xSchedulerRunning
                0x00801a92        0x1 tasks.o
 .bss.uxTopReadyPriority
                0x00801a93        0x1 tasks.o
 .bss.xTickCount
                0x00801a94        0x2 tasks.o
 .bss.uxCurrentNumberOfTasks
                0x00801a96        0x1 tasks.o
 .bss.xSuspendedTaskList
                0x00801a97        0x9 tasks.o
 .bss.xPendingReadyList
                0x00801aa0        0x9 tasks.o
 .bss.pxOverflowDelayedTaskList
                0x00801aa9        0x2 tasks.o
 .bss.pxDelayedTaskList
                0x00801aab        0x2 tasks.o
 .bss.xDelayedTaskList2
                0x00801aad        0x9 tasks.o
 .bss.xDelayedTaskList1
                0x00801ab6        0x9 tasks.o
 .bss.pxReadyTasksLists
                0x00801abf       0x36 tasks.o
 .bss.pxCurrentTCB
                0x00801af5        0x2 tasks.o
                0x00801af5                pxCurrentTCB
 *(COMMON)
 COMMON         0x00801af7       0x1e imu_LSM6DS3.o
                0x00801af7                settings
                0x00801b11                allOnesCounter
                0x00801b13                nonSuccessCounter
 COMMON         0x00801b15       0x21 main.o
                0x00801b15                xScanLock
                0x00801b17                gData_count
                0x00801b18                xControllerBSem
                0x00801b1a                xTickMutex
                0x00801b1c                xUartMutex
                0x00801b1e                xCommandReadyBSem
                0x00801b20                gData_in
                0x00801b34                xPoseMutex
 COMMON         0x00801b36        0x4 port.o
                0x00801b36                portTickRateHz
                0x00801b38                ticksRemainingInSec
 COMMON         0x00801b3a        0x6 c:/program files (x86)/atmel/studio/7.0/toolchain/avr8/avr8-gnu-toolchain/bin/../lib/gcc/avr/4.9.2/../../../../avr/lib/avr6\libc.a(iob.o)
                0x00801b3a                __iob
                0x00801b40                PROVIDE (__bss_end, .)
                0x00006132                __data_load_start = LOADADDR (.data)
                0x0000677e                __data_load_end = (__data_load_start + SIZEOF (.data))

.noinit         0x00801b40        0x0
                [!provide]                PROVIDE (__noinit_start, .)
 *(.noinit*)
                [!provide]                PROVIDE (__noinit_end, .)
                0x00801b40                _end = .
                [!provide]                PROVIDE (__heap_start, .)

.eeprom         0x00810000        0x0
 *(.eeprom*)
                0x00810000                __eeprom_end = .

.fuse
 *(.fuse)
 *(.lfuse)
 *(.hfuse)
 *(.efuse)

.lock
 *(.lock*)

.signature
 *(.signature*)

.user_signatures
 *(.user_signatures*)

.stab
 *(.stab)

.stabstr
 *(.stabstr)

.stab.excl
 *(.stab.excl)

.stab.exclstr
 *(.stab.exclstr)

.stab.index
 *(.stab.index)

.stab.indexstr
 *(.stab.indexstr)

.comment        0x00000000       0x5c
 *(.comment)
 .comment       0x00000000       0x30 com_HMC5883L.o
                                 0x31 (size before relaxing)
 .comment       0x00000030       0x31 distSens_g2d12.o
 .comment       0x00000030       0x31 functions.o
 .comment       0x00000030       0x31 heap_1.o
 .comment       0x00000030       0x31 imu_LSM6DS3.o
 .comment       0x00000030       0x31 LED.o
 .comment       0x00000030       0x31 list.o
 .comment       0x00000030       0x31 main.o
 .comment       0x00000030       0x31 motor.o
 .comment       0x00000030       0x31 port.o
 .comment       0x00000030       0x31 queue.o
 .comment       0x00000030       0x31 servo.o
 .comment       0x00000030       0x31 spi.o
 .comment       0x00000030       0x31 tasks.o
 .comment       0x00000030       0x31 twi_master.o
 .comment       0x00000030       0x31 usart.o
 .comment       0x00000030       0x2c c:/program files (x86)/atmel/studio/7.0/toolchain/avr8/avr8-gnu-toolchain/bin/../lib/gcc/avr/4.9.2/../../../../avr/lib/avr6\libprintf_flt.a(vfprintf_flt.o)
                                 0x2d (size before relaxing)
 .comment       0x0000005c       0x31 c:/program files (x86)/atmel/studio/7.0/toolchain/avr8/avr8-gnu-toolchain/bin/../lib/gcc/avr/4.9.2/../../../../avr/lib/avr6\libc.a(strtok.o)
 .comment       0x0000005c       0x31 c:/program files (x86)/atmel/studio/7.0/toolchain/avr8/avr8-gnu-toolchain/bin/../lib/gcc/avr/4.9.2/../../../../avr/lib/avr6\libc.a(fputc.o)
 .comment       0x0000005c       0x31 c:/program files (x86)/atmel/studio/7.0/toolchain/avr8/avr8-gnu-toolchain/bin/../lib/gcc/avr/4.9.2/../../../../avr/lib/avr6\libc.a(iob.o)
 .comment       0x0000005c       0x31 c:/program files (x86)/atmel/studio/7.0/toolchain/avr8/avr8-gnu-toolchain/bin/../lib/gcc/avr/4.9.2/../../../../avr/lib/avr6\libc.a(printf.o)
 .comment       0x0000005c       0x31 c:/program files (x86)/atmel/studio/7.0/toolchain/avr8/avr8-gnu-toolchain/bin/../lib/gcc/avr/4.9.2/../../../../avr/lib/avr6\libc.a(puts.o)

.note.gnu.avr.deviceinfo
                0x00000000       0x40
 .note.gnu.avr.deviceinfo
                0x00000000       0x40 C:/Program Files (x86)/Atmel/Studio/7.0/Packs/atmel/ATmega_DFP/1.0.106/gcc/dev/atmega2560/avr6/crtatmega2560.o

.note.gnu.build-id
 *(.note.gnu.build-id)

.debug
 *(.debug)

.line
 *(.line)

.debug_srcinfo
 *(.debug_srcinfo)

.debug_sfnames
 *(.debug_sfnames)

.debug_aranges  0x00000000      0x640
 *(.debug_aranges)
 .debug_aranges
                0x00000000       0x28 com_HMC5883L.o
 .debug_aranges
                0x00000028       0x30 distSens_g2d12.o
 .debug_aranges
                0x00000058       0x58 functions.o
 .debug_aranges
                0x000000b0       0x38 heap_1.o
 .debug_aranges
                0x000000e8       0xe0 imu_LSM6DS3.o
 .debug_aranges
                0x000001c8       0x38 LED.o
 .debug_aranges
                0x00000200       0x40 list.o
 .debug_aranges
                0x00000240       0x70 main.o
 .debug_aranges
                0x000002b0       0x78 motor.o
 .debug_aranges
                0x00000328       0x48 port.o
 .debug_aranges
                0x00000370       0xa0 queue.o
 .debug_aranges
                0x00000410       0x28 servo.o
 .debug_aranges
                0x00000438       0x30 spi.o
 .debug_aranges
                0x00000468      0x128 tasks.o
 .debug_aranges
                0x00000590       0x68 twi_master.o
 .debug_aranges
                0x000005f8       0x48 usart.o

.debug_pubnames
 *(.debug_pubnames)

.debug_info     0x00000000     0x92c2
 *(.debug_info .gnu.linkonce.wi.*)
 .debug_info    0x00000000      0x298 com_HMC5883L.o
 .debug_info    0x00000298      0x136 distSens_g2d12.o
 .debug_info    0x000003ce      0x64d functions.o
 .debug_info    0x00000a1b      0x1ad heap_1.o
 .debug_info    0x00000bc8      0xde7 imu_LSM6DS3.o
 .debug_info    0x000019af       0xfc LED.o
 .debug_info    0x00001aab      0x2c6 list.o
 .debug_info    0x00001d71     0x28ab main.o
 .debug_info    0x0000461c      0x5e1 motor.o
 .debug_info    0x00004bfd      0x292 port.o
 .debug_info    0x00004e8f     0x18c1 queue.o
 .debug_info    0x00006750      0x10b servo.o
 .debug_info    0x0000685b       0xee spi.o
 .debug_info    0x00006949     0x217b tasks.o
 .debug_info    0x00008ac4      0x3fe twi_master.o
 .debug_info    0x00008ec2      0x400 usart.o

.debug_abbrev   0x00000000     0x1a9e
 *(.debug_abbrev)
 .debug_abbrev  0x00000000       0xe9 com_HMC5883L.o
 .debug_abbrev  0x000000e9       0xac distSens_g2d12.o
 .debug_abbrev  0x00000195      0x19f functions.o
 .debug_abbrev  0x00000334      0x12e heap_1.o
 .debug_abbrev  0x00000462      0x28c imu_LSM6DS3.o
 .debug_abbrev  0x000006ee       0x90 LED.o
 .debug_abbrev  0x0000077e       0xf8 list.o
 .debug_abbrev  0x00000876      0x43b main.o
 .debug_abbrev  0x00000cb1      0x104 motor.o
 .debug_abbrev  0x00000db5      0x163 port.o
 .debug_abbrev  0x00000f18      0x2ff queue.o
 .debug_abbrev  0x00001217       0xa3 servo.o
 .debug_abbrev  0x000012ba       0xb7 spi.o
 .debug_abbrev  0x00001371      0x3cd tasks.o
 .debug_abbrev  0x0000173e      0x14c twi_master.o
 .debug_abbrev  0x0000188a      0x214 usart.o

.debug_line     0x00000000     0x52f5
 *(.debug_line .debug_line.* .debug_line_end)
 .debug_line    0x00000000      0x159 com_HMC5883L.o
 .debug_line    0x00000159      0x142 distSens_g2d12.o
 .debug_line    0x0000029b      0x37e functions.o
 .debug_line    0x00000619      0x1ae heap_1.o
 .debug_line    0x000007c7      0x80b imu_LSM6DS3.o
 .debug_line    0x00000fd2      0x16f LED.o
 .debug_line    0x00001141      0x1cb list.o
 .debug_line    0x0000130c      0xee4 main.o
 .debug_line    0x000021f0      0x3d3 motor.o
 .debug_line    0x000025c3      0x2bf port.o
 .debug_line    0x00002882     0x1033 queue.o
 .debug_line    0x000038b5       0xe9 servo.o
 .debug_line    0x0000399e      0x112 spi.o
 .debug_line    0x00003ab0     0x1368 tasks.o
 .debug_line    0x00004e18      0x315 twi_master.o
 .debug_line    0x0000512d      0x1c8 usart.o

.debug_frame    0x00000000     0x14c4
 *(.debug_frame)
 .debug_frame   0x00000000       0x54 com_HMC5883L.o
 .debug_frame   0x00000054       0x44 distSens_g2d12.o
 .debug_frame   0x00000098      0x25c functions.o
 .debug_frame   0x000002f4       0x60 heap_1.o
 .debug_frame   0x00000354      0x2f8 imu_LSM6DS3.o
 .debug_frame   0x0000064c       0x54 LED.o
 .debug_frame   0x000006a0       0x88 list.o
 .debug_frame   0x00000728      0x1d4 main.o
 .debug_frame   0x000008fc      0x110 motor.o
 .debug_frame   0x00000a0c       0x74 port.o
 .debug_frame   0x00000a80      0x2c0 queue.o
 .debug_frame   0x00000d40       0x34 servo.o
 .debug_frame   0x00000d74       0x50 spi.o
 .debug_frame   0x00000dc4      0x4cc tasks.o
 .debug_frame   0x00001290      0x15c twi_master.o
 .debug_frame   0x000013ec       0xd8 usart.o

.debug_str      0x00000000     0x277c
 *(.debug_str)
 .debug_str     0x00000000      0x183 com_HMC5883L.o
                                0x1bf (size before relaxing)
 .debug_str     0x00000183       0xe4 distSens_g2d12.o
                                0x204 (size before relaxing)
 .debug_str     0x00000267      0x1b0 functions.o
                                0x301 (size before relaxing)
 .debug_str     0x00000417       0xaf heap_1.o
                                0x228 (size before relaxing)
 .debug_str     0x000004c6      0xa5d imu_LSM6DS3.o
                                0xbd9 (size before relaxing)
 .debug_str     0x00000f23       0x49 LED.o
                                0x1a0 (size before relaxing)
 .debug_str     0x00000f6c      0x140 list.o
                                0x2a3 (size before relaxing)
 .debug_str     0x000010ac      0x8f8 main.o
                                0xc8a (size before relaxing)
 .debug_str     0x000019a4       0xe3 motor.o
                                0x32f (size before relaxing)
 .debug_str     0x00001a87      0x114 port.o
                                0x2c9 (size before relaxing)
 .debug_str     0x00001b9b      0x40b queue.o
                                0x742 (size before relaxing)
 .debug_str     0x00001fa6       0x34 servo.o
                                0x1b9 (size before relaxing)
 .debug_str     0x00001fda       0x2b spi.o
                                0x1ad (size before relaxing)
 .debug_str     0x00002005      0x65b tasks.o
                                0xbec (size before relaxing)
 .debug_str     0x00002660       0x6d twi_master.o
                                0x228 (size before relaxing)
 .debug_str     0x000026cd       0xaf usart.o
                                0x2cf (size before relaxing)

.debug_loc      0x00000000     0x9848
 *(.debug_loc)
 .debug_loc     0x00000000      0x105 com_HMC5883L.o
 .debug_loc     0x00000105       0x98 distSens_g2d12.o
 .debug_loc     0x0000019d     0x1831 functions.o
 .debug_loc     0x000019ce       0xf1 heap_1.o
 .debug_loc     0x00001abf      0xd37 imu_LSM6DS3.o
 .debug_loc     0x000027f6      0x126 LED.o
 .debug_loc     0x0000291c      0x145 list.o
 .debug_loc     0x00002a61     0x188e main.o
 .debug_loc     0x000042ef      0x8ed motor.o
 .debug_loc     0x00004bdc      0x2f4 port.o
 .debug_loc     0x00004ed0     0x1a73 queue.o
 .debug_loc     0x00006943       0x3f servo.o
 .debug_loc     0x00006982       0xa0 spi.o
 .debug_loc     0x00006a22     0x241d tasks.o
 .debug_loc     0x00008e3f      0x6b8 twi_master.o
 .debug_loc     0x000094f7      0x351 usart.o

.debug_macinfo
 *(.debug_macinfo)

.debug_weaknames
 *(.debug_weaknames)

.debug_funcnames
 *(.debug_funcnames)

.debug_typenames
 *(.debug_typenames)

.debug_varnames
 *(.debug_varnames)

.debug_pubtypes
 *(.debug_pubtypes)

.debug_ranges   0x00000000      0x7c0
 *(.debug_ranges)
 .debug_ranges  0x00000000       0x18 com_HMC5883L.o
 .debug_ranges  0x00000018       0x20 distSens_g2d12.o
 .debug_ranges  0x00000038       0x48 functions.o
 .debug_ranges  0x00000080       0x28 heap_1.o
 .debug_ranges  0x000000a8       0xd0 imu_LSM6DS3.o
 .debug_ranges  0x00000178       0x28 LED.o
 .debug_ranges  0x000001a0       0x30 list.o
 .debug_ranges  0x000001d0       0xc8 main.o
 .debug_ranges  0x00000298       0x68 motor.o
 .debug_ranges  0x00000300       0x38 port.o
 .debug_ranges  0x00000338      0x128 queue.o
 .debug_ranges  0x00000460       0x18 servo.o
 .debug_ranges  0x00000478       0x20 spi.o
 .debug_ranges  0x00000498      0x268 tasks.o
 .debug_ranges  0x00000700       0x88 twi_master.o
 .debug_ranges  0x00000788       0x38 usart.o

.debug_macro
 *(.debug_macro)
OUTPUT(Test.elf elf32-avr)
LOAD linker stubs
